::1 - - [14/May/2026 22:06:40] "GET / HTTP/1.1" 200 -
::1 - - [14/May/2026 22:06:40] "GET /hero-pathway.webp HTTP/1.1" 200 -
::1 - - [14/May/2026 22:06:41] "GET /landscape_team.webp HTTP/1.1" 200 -
::1 - - [14/May/2026 22:06:41] "GET /luxury_patio.webp HTTP/1.1" 200 -
::1 - - [14/May/2026 22:06:41] "GET /retaining_wall.webp HTTP/1.1" 200 -
::1 - - [14/May/2026 22:06:41] "GET /modern_pool.webp HTTP/1.1" 200 -
::1 - - [14/May/2026 22:06:41] code 404, message File not found
::1 - - [14/May/2026 22:06:41] "GET /favicon.ico HTTP/1.1" 404 -
::1 - - [14/May/2026 22:07:09] "GET /about.html HTTP/1.1" 200 -
::1 - - [14/May/2026 22:07:34] "GET /services.html HTTP/1.1" 200 -
::1 - - [16/May/2026 01:19:19] "GET /index.html HTTP/1.1" 200 -
::1 - - [16/May/2026 01:19:20] code 404, message File not found
::1 - - [16/May/2026 01:19:20] "GET /favicon.ico HTTP/1.1" 404 -
::1 - - [16/May/2026 01:30:28] "GET /portfolio.html HTTP/1.1" 200 -
::1 - - [16/May/2026 01:30:29] "GET /8k_luxury_garden.png HTTP/1.1" 200 -
::1 - - [16/May/2026 01:30:29] "GET /8k_modern_patio.png HTTP/1.1" 200 -
::1 - - [16/May/2026 01:30:29] "GET /8k_water_feature.png HTTP/1.1" 200 -
::1 - - [16/May/2026 01:33:07] "GET /portfolio.html HTTP/1.1" 304 -
::1 - - [16/May/2026 01:33:07] "GET /8k_luxury_garden.png HTTP/1.1" 304 -
::1 - - [16/May/2026 01:33:07] "GET /8k_water_feature.png HTTP/1.1" 304 -
::1 - - [16/May/2026 01:33:07] "GET /8k_modern_patio.png HTTP/1.1" 304 -
::1 - - [16/May/2026 01:33:18] "GET /contact.html HTTP/1.1" 200 -
::1 - - [16/May/2026 01:45:55] "GET /portfolio.html HTTP/1.1" 200 -
::1 - - [16/May/2026 01:45:55] "GET /8k_luxury_garden.png HTTP/1.1" 304 -
::1 - - [16/May/2026 01:45:55] "GET /8k_modern_patio.png HTTP/1.1" 304 -
::1 - - [16/May/2026 01:45:55] "GET /8k_water_feature.png HTTP/1.1" 304 -
::1 - - [16/May/2026 01:46:26] "GET /portfolio.html HTTP/1.1" 200 -
::1 - - [16/May/2026 01:46:26] "GET /8k_luxury_garden.png HTTP/1.1" 200 -
::1 - - [16/May/2026 01:46:26] "GET /8k_modern_patio.png HTTP/1.1" 200 -
::1 - - [16/May/2026 01:46:26] "GET /8k_water_feature.png HTTP/1.1" 200 -
::1 - - [16/May/2026 01:46:26] "GET /hero-pathway.webp HTTP/1.1" 200 -
::1 - - [16/May/2026 01:46:26] "GET /luxury_patio.webp HTTP/1.1" 200 -
::1 - - [16/May/2026 01:46:27] "GET /retaining_wall.webp HTTP/1.1" 200 -
::1 - - [16/May/2026 01:46:27] "GET /modern_pool.webp HTTP/1.1" 200 -
::1 - - [16/May/2026 01:46:28] code 404, message File not found
::1 - - [16/May/2026 01:46:28] "GET /favicon.ico HTTP/1.1" 404 -
::1 - - [16/May/2026 01:46:33] "GET /journal.html HTTP/1.1" 200 -
::1 - - [16/May/2026 01:49:50] "GET /portfolio.html HTTP/1.1" 304 -
::1 - - [16/May/2026 01:49:51] "GET /8k_luxury_garden.png HTTP/1.1" 304 -
::1 - - [16/May/2026 01:49:51] "GET /8k_water_feature.png HTTP/1.1" 304 -
::1 - - [16/May/2026 01:49:51] "GET /8k_modern_patio.png HTTP/1.1" 304 -
::1 - - [16/May/2026 01:50:06] "GET /process.html HTTP/1.1" 200 -
::1 - - [16/May/2026 01:50:06] "GET /image_consultation.png HTTP/1.1" 200 -
::1 - - [16/May/2026 01:50:06] "GET /image_site_prep.png HTTP/1.1" 200 -
::1 - - [16/May/2026 01:50:06] "GET /image_the_handover.png HTTP/1.1" 200 -
::1 - - [16/May/2026 01:50:06] "GET /image_the_strike.png HTTP/1.1" 200 -
::1 - - [16/May/2026 01:51:18] "GET /process.html HTTP/1.1" 304 -
::1 - - [16/May/2026 01:51:26] "GET /journal.html HTTP/1.1" 304 -
::1 - - [16/May/2026 01:52:52] "GET /journal.html HTTP/1.1" 304 -
::1 - - [16/May/2026 01:53:42] "GET /portfolio.html HTTP/1.1" 304 -
::1 - - [16/May/2026 01:53:43] "GET /8k_luxury_garden.png HTTP/1.1" 304 -
::1 - - [16/May/2026 01:53:43] "GET /8k_modern_patio.png HTTP/1.1" 304 -
::1 - - [16/May/2026 01:53:43] "GET /8k_water_feature.png HTTP/1.1" 304 -
::1 - - [16/May/2026 01:54:26] "GET /journal.html HTTP/1.1" 304 -
::1 - - [16/May/2026 01:55:23] "GET /portfolio.html HTTP/1.1" 304 -
